Microchip MPLAB XC8 Compiler V2.10 ()

Linker command line:

-W-3 --edf=C:\Program Files (x86)\Microchip\xc8\v2.10\pic\dat\en_msgs.txt \
  -cs -h+dist/default/production\RB0_INT_EXAMPLE_XC.X.production.sym \
  --cmf=dist/default/production\RB0_INT_EXAMPLE_XC.X.production.cmf -z \
  -Q16F877A -oC:\Users\ROLAND~1\AppData\Local\Temp\sbek.2 \
  --defsym=__MPLAB_BUILD=1 \
  -Mdist/default/production/RB0_INT_EXAMPLE_XC.X.production.map -E1 \
  -ver=XC8 --acfsm=1493 -ASTACK=0110h-016Fh -pstack=STACK \
  -ACODE=00h-07FFhx4 -ASTRCODE=00h-01FFFh -ASTRING=00h-0FFhx32 \
  -ACONST=00h-0FFhx32 -AENTRY=00h-0FFhx32 -ACOMMON=070h-07Fh \
  -ABANK0=020h-06Fh -ABANK1=0A0h-0EFh -ABANK2=0110h-016Fh \
  -ABANK3=0190h-01EFh -ARAM=020h-06Fh,0A0h-0EFh,0110h-016Fh,0190h-01EFh \
  -AABS1=020h-07Fh,0A0h-0EFh,0110h-016Fh,0190h-01EFh -ASFR0=00h-01Fh \
  -ASFR1=080h-09Fh -ASFR2=0100h-010Fh -ASFR3=0180h-018Fh \
  -preset_vec=00h,intentry=04h,init,end_init -ppowerup=CODE -pcinit=CODE \
  -pfunctab=ENTRY -ACONFIG=02007h-02007h -pconfig=CONFIG -DCONFIG=2 \
  -AIDLOC=02000h-02003h -pidloc=IDLOC -DIDLOC=2 -AEEDATA=00h-0FFh/02100h \
  -peeprom_data=EEDATA -DEEDATA=2 -DCODE=2 -DSTRCODE=2 -DSTRING=2 -DCONST=2 \
  -DENTRY=2 -k C:\Users\ROLAND~1\AppData\Local\Temp\sbek.o \
  dist/default/production\RB0_INT_EXAMPLE_XC.X.production.o 

Object code version is 3.11

Machine type is 16F877A



                Name                               Link     Load   Length Selector   Space Scale
C:\Users\ROLAND~1\AppData\Local\Temp\sbek.o
                end_init                             10       10        3        8       0
                reset_vec                             0        0        3        0       0
dist/default/production\RB0_INT_EXAMPLE_XC.X.production.o
                cinit                                13       13        8        8       0
                intentry                              4        4        C        8       0
                text21                             1332     1332       4A     2664       0
                text20                              7F4      7F4        3        8       0
                text19                             12F3     12F3       3F     25E6       0
                text18                              604      604      1DD        8       0
                text17                              7E1      7E1        D        8       0
                text16                              37C      37C      288        8       0
                text15                             137C     137C       50     26F8       0
                text14                             12CA     12CA       29     2594       0
                text13                               1B       1B      361        8       0
                text12                             1726     1726       DA     2E4C       0
                text11                              807      807       A4     100E       0
                text10                             1478     1478       7C     28F0       0
                text9                              15A2     15A2       BC     2B44       0
                text8                              13CC     13CC       50     2798       0
                text7                              141C     141C       5C     2838       0
                text6                               8AB      8AB      133     1156       0
                text5                              165E     165E       C8     2CBC       0
                text4                               D89      D89      277     1B12       0
                text3                               9DE      9DE      16E     13BC       0
                text2                               B4C      B4C      23D     1698       0
                text1                               7EE      7EE        6        8       0
                maintext                           14F4     14F4       AE     29E8       0
                cstackBANK0                          20       20       50       20       1
                cstackCOMMON                         70       70        8       70       1
                cstackBANK1                          A0       A0       47       A0       1
                bssBANK1                             E7       E7        2       A0       1
                strings                            1000     1000       52     2000       0

TOTAL           Name                               Link     Load   Length     Space
        CLASS   STACK          

        CLASS   CODE           
                end_init                             10       10        3         0
                cinit                                13       13        8         0
                intentry                              4        4        C         0
                reset_vec                             0        0        3         0
                text21                             1332     1332       4A         0
                text20                              7F4      7F4        3         0
                text19                             12F3     12F3       3F         0
                text18                              604      604      1DD         0
                text17                              7E1      7E1        D         0
                text16                              37C      37C      288         0
                text15                             137C     137C       50         0
                text14                             12CA     12CA       29         0
                text13                               1B       1B      361         0
                text12                             1726     1726       DA         0
                text11                              807      807       A4         0
                text10                             1478     1478       7C         0
                text9                              15A2     15A2       BC         0
                text8                              13CC     13CC       50         0
                text7                              141C     141C       5C         0
                text6                               8AB      8AB      133         0
                text5                              165E     165E       C8         0
                text4                               D89      D89      277         0
                text3                               9DE      9DE      16E         0
                text2                               B4C      B4C      23D         0
                text1                               7EE      7EE        6         0
                maintext                           14F4     14F4       AE         0

        CLASS   STRCODE        

        CLASS   STRING         
                strings                            1000     1000       52         0

        CLASS   CONST          

        CLASS   ENTRY          

        CLASS   COMMON         
                cstackCOMMON                         70       70        8         1

        CLASS   BANK0          
                cstackBANK0                          20       20       50         1

        CLASS   BANK1          
                cstackBANK1                          A0       A0       47         1
                bssBANK1                             E7       E7        2         1

        CLASS   BANK2          

        CLASS   BANK3          

        CLASS   RAM            

        CLASS   ABS1           
                abs_s1                               7E       7E        2         1

        CLASS   SFR0           

        CLASS   SFR1           

        CLASS   SFR2           

        CLASS   SFR3           

        CLASS   CONFIG         

        CLASS   IDLOC          

        CLASS   EEDATA         



SEGMENTS        Name                           Load    Length   Top    Selector   Space  Class     Delta

                reset_vec                      000000  000003  000003         0       0  CODE        2
                intentry                       000004  0007F3  0007F7         8       0  CODE        2
                cstackBANK0                    000020  000050  000070        20       1  BANK0       1
                cstackCOMMON                   000070  000008  000078        70       1  COMMON      1
                cstackBANK1                    0000A0  000049  0000E9        A0       1  BANK1       1
                text11                         000807  0000A4  0008AB      100E       0  CODE        2
                text6                          0008AB  000133  0009DE      1156       0  CODE        2
                text3                          0009DE  00016E  000B4C      13BC       0  CODE        2
                text2                          000B4C  00023D  000D89      1698       0  CODE        2
                text4                          000D89  000277  001000      1B12       0  CODE        2
                strings                        001000  000052  001052      2000       0  STRING      2
                text14                         0012CA  000029  0012F3      2594       0  CODE        2
                text19                         0012F3  00003F  001332      25E6       0  CODE        2
                text21                         001332  00004A  00137C      2664       0  CODE        2
                text15                         00137C  000050  0013CC      26F8       0  CODE        2
                text8                          0013CC  000050  00141C      2798       0  CODE        2
                text7                          00141C  00005C  001478      2838       0  CODE        2
                text10                         001478  00007C  0014F4      28F0       0  CODE        2
                maintext                       0014F4  0000AE  0015A2      29E8       0  CODE        2
                text9                          0015A2  0000BC  00165E      2B44       0  CODE        2
                text5                          00165E  0000C8  001726      2CBC       0  CODE        2
                text12                         001726  0000DA  001800      2E4C       0  CODE        2


UNUSED ADDRESS RANGES

        Name                Unused          Largest block    Delta
        BANK1            00E9-00EF              7           1
        BANK2            0110-016F             60           1
        BANK3            0190-01EF             60           1
        CODE             0003-0003              1           2
                         07F7-0806              9
                         1052-12C9            278
                         1800-1FFF            800
        COMMON           0078-007D              6           1
        CONFIG           2007-2007              1           2
        CONST            0003-0003              1           2
                         07F7-0806              9
                         1052-12C9            100
                         1800-1FFF            100
        EEDATA           2100-21FF            100           2
        ENTRY            0003-0003              1           2
                         07F7-0806              9
                         1052-12C9            100
                         1800-1FFF            100
        IDLOC            2000-2003              4           2
        RAM              00E9-00EF              7           1
                         0110-016F             60
                         0190-01EF             60
        SFR0             0000-001F             20           1
        SFR1             0080-009F             20           1
        SFR2             0100-010F             10           1
        SFR3             0180-018F             10           1
        STACK            0110-016F             60           1
        STRCODE          0003-0003              1           2
                         07F7-0806             10
                         1052-12C9            278
                         1800-1FFF            800
        STRING           0003-0003              1           2
                         07F7-0806              9
                         1052-12C9            100
                         1800-1FFF            100

                                  Symbol Table

?__Umul8_16                  cstackBANK0  0020
?___fladd                    cstackBANK0  005B
?___fldiv                    cstackBANK0  0020
?___flmul                    cstackBANK0  0041
?___flneg                    cstackBANK0  0020
?___flsub                    cstackBANK1  00A0
?___fltol                    cstackBANK0  002E
?___xxtofl                   cstackBANK0  0020
?_eval_poly                  cstackBANK1  00A0
?_exp                        cstackBANK1  00B8
?_floor                      cstackBANK1  00A0
?_frexp                      cstackBANK0  003A
?_ldexp                      cstackBANK1  00B0
?_log                        cstackBANK1  00B0
?_pow                        cstackBANK1  00C4
ISR@i                        cstackCOMMON 0076
_GIE                         (abs)        005F
_INTE                        (abs)        005C
_INTF                        (abs)        0059
_ISR                         text21       1332
_PORTD                       (abs)        0008
_RC0                         (abs)        0038
_TRISB0                      (abs)        0430
_TRISC0                      (abs)        0438
_TRISD                       (abs)        0088
__Habs1                      abs1         0000
__Hbank0                     bank0        0000
__Hbank1                     bank1        0000
__Hbank2                     bank2        0000
__Hbank3                     bank3        0000
__HbssBANK1                  bssBANK1     0000
__Hcinit                     cinit        001B
__Hclrtext                   clrtext      0000
__Hcode                      code         0000
__Hcommon                    common       0000
__Hconfig                    config       0000
__HcstackBANK0               cstackBANK0  0000
__HcstackBANK1               cstackBANK1  0000
__HcstackCOMMON              cstackCOMMON 0000
__Heeprom_data               eeprom_data  0000
__Hend_init                  end_init     0013
__Hfunctab                   functab      0000
__Hidloc                     idloc        0000
__Hinit                      init         0010
__Hintentry                  intentry     0010
__Hmaintext                  maintext     0000
__Hpowerup                   powerup      0000
__Hram                       ram          0000
__Hreset_vec                 reset_vec    0003
__Hsfr0                      sfr0         0000
__Hsfr1                      sfr1         0000
__Hsfr2                      sfr2         0000
__Hsfr3                      sfr3         0000
__Hspace_0                   (abs)        1800
__Hspace_1                   (abs)        00E9
__Hspace_2                   (abs)        0000
__Hspace_3                   (abs)        0000
__Hstack                     stack        0000
__Hstrings                   strings      0000
__Htext                      text         0000
__Labs1                      abs1         0000
__Lbank0                     bank0        0000
__Lbank1                     bank1        0000
__Lbank2                     bank2        0000
__Lbank3                     bank3        0000
__LbssBANK1                  bssBANK1     0000
__Lcinit                     cinit        0013
__Lclrtext                   clrtext      0000
__Lcode                      code         0000
__Lcommon                    common       0000
__Lconfig                    config       0000
__LcstackBANK0               cstackBANK0  0000
__LcstackBANK1               cstackBANK1  0000
__LcstackCOMMON              cstackCOMMON 0000
__Leeprom_data               eeprom_data  0000
__Lend_init                  end_init     0010
__Lfunctab                   functab      0000
__Lidloc                     idloc        0000
__Linit                      init         0010
__Lintentry                  intentry     0004
__Lmaintext                  maintext     0000
__Lpowerup                   powerup      0000
__Lram                       ram          0000
__Lreset_vec                 reset_vec    0000
__Lsfr0                      sfr0         0000
__Lsfr1                      sfr1         0000
__Lsfr2                      sfr2         0000
__Lsfr3                      sfr3         0000
__Lspace_0                   (abs)        0000
__Lspace_1                   (abs)        0000
__Lspace_2                   (abs)        0000
__Lspace_3                   (abs)        0000
__Lstack                     stack        0000
__Lstrings                   strings      0000
__Ltext                      text         0000
__S0                         (abs)        1800
__S1                         (abs)        00E9
__S2                         (abs)        0000
__S3                         (abs)        0000
__Umul8_16                   text14       12CA
__Umul8_16@multiplicand      cstackBANK0  0020
__Umul8_16@multiplier        cstackBANK0  0028
__Umul8_16@product           cstackBANK0  0024
__Umul8_16@word_mpld         cstackBANK0  0026
___fladd                     text16       037C
___fladd@a                   cstackBANK0  005F
___fladd@aexp                cstackBANK0  006C
___fladd@b                   cstackBANK0  005B
___fladd@bexp                cstackBANK0  006D
___fladd@grs                 cstackBANK0  006E
___fladd@signs               cstackBANK0  006B
___fldiv                     text18       0604
___fldiv@a                   cstackBANK0  0020
___fldiv@aexp                cstackBANK0  0039
___fldiv@b                   cstackBANK0  0024
___fldiv@bexp                cstackBANK0  0038
___fldiv@grs                 cstackBANK0  0034
___fldiv@new_exp             cstackBANK0  0032
___fldiv@rem                 cstackBANK0  002D
___fldiv@sign                cstackBANK0  0031
___fleq                      text8        13CC
___fleq@ff1                  cstackBANK0  002E
___fleq@ff2                  cstackBANK0  0032
___flge                      text11       0807
___flge@ff1                  cstackBANK0  0020
___flge@ff2                  cstackBANK0  0024
___flmul                     text13       001B
___flmul@a                   cstackBANK0  0045
___flmul@aexp                cstackBANK0  0053
___flmul@b                   cstackBANK0  0041
___flmul@bexp                cstackBANK0  0054
___flmul@grs                 cstackBANK0  004F
___flmul@prod                cstackBANK0  0055
___flmul@sign                cstackBANK0  004E
___flmul@temp                cstackBANK0  0059
___flneg                     text17       07E1
___flneg@f1                  cstackBANK0  0020
___flsub                     text15       137C
___flsub@a                   cstackBANK1  00A0
___flsub@b                   cstackBANK1  00A4
___fltol                     text10       1478
___fltol@exp1                cstackBANK0  0038
___fltol@f1                  cstackBANK0  002E
___fltol@sign1               cstackBANK0  0037
___int_sp                    stack        0000
___latbits                   (abs)        0002
___sp                        stack        0000
___stackhi                   (abs)        0000
___stacklo                   (abs)        0000
___xxtofl                    text9        15A2
___xxtofl@arg                cstackBANK0  002A
___xxtofl@exp                cstackBANK0  0029
___xxtofl@sign               cstackBANK0  0028
___xxtofl@val                cstackBANK0  0020
__end_of_ISR                 text21       137C
__end_of__Umul8_16           text14       12F3
__end_of___fladd             text16       0604
__end_of___fldiv             text18       07E1
__end_of___fleq              text8        141C
__end_of___flge              text11       08AB
__end_of___flmul             text13       037C
__end_of___flneg             text17       07EE
__end_of___flsub             text15       13CC
__end_of___fltol             text10       14F4
__end_of___xxtofl            text9        165E
__end_of__initialization     cinit        0017
__end_of__stringtab          strings      1006
__end_of_enableExtInterrupt  text20       07F7
__end_of_eval_poly           text12       1800
__end_of_exp                 text4        1000
__end_of_flashLEDs           text19       1332
__end_of_floor               text6        09DE
__end_of_frexp               text7        1478
__end_of_ldexp               text5        1726
__end_of_log                 text3        0B4C
__end_of_main                maintext     15A2
__end_of_pow                 text2        0D89
__end_of_setupPorts          text1        07F4
__end_ofexp@coeff            strings      102E
__end_oflog@coeff            strings      1052
__initialization             cinit        0013
__pbssBANK1                  bssBANK1     00E7
__pcstackBANK0               cstackBANK0  0020
__pcstackBANK1               cstackBANK1  00A0
__pcstackCOMMON              cstackCOMMON 0070
__pintentry                  intentry     0004
__pmaintext                  maintext     14F4
__pstrings                   strings      1000
__ptext1                     text1        07EE
__ptext10                    text10       1478
__ptext11                    text11       0807
__ptext12                    text12       1726
__ptext13                    text13       001B
__ptext14                    text14       12CA
__ptext15                    text15       137C
__ptext16                    text16       037C
__ptext17                    text17       07E1
__ptext18                    text18       0604
__ptext19                    text19       12F3
__ptext2                     text2        0B4C
__ptext20                    text20       07F4
__ptext21                    text21       1332
__ptext3                     text3        09DE
__ptext4                     text4        0D89
__ptext5                     text5        165E
__ptext6                     text6        08AB
__ptext7                     text7        141C
__ptext8                     text8        13CC
__ptext9                     text9        15A2
__size_of_ISR                (abs)        0000
__size_of__Umul8_16          (abs)        0000
__size_of___fladd            (abs)        0000
__size_of___fldiv            (abs)        0000
__size_of___fleq             (abs)        0000
__size_of___flge             (abs)        0000
__size_of___flmul            (abs)        0000
__size_of___flneg            (abs)        0000
__size_of___flsub            (abs)        0000
__size_of___fltol            (abs)        0000
__size_of___xxtofl           (abs)        0000
__size_of_enableExtInterrupt (abs)        0000
__size_of_eval_poly          (abs)        0000
__size_of_exp                (abs)        0000
__size_of_flashLEDs          (abs)        0000
__size_of_floor              (abs)        0000
__size_of_frexp              (abs)        0000
__size_of_ldexp              (abs)        0000
__size_of_log                (abs)        0000
__size_of_main               (abs)        0000
__size_of_pow                (abs)        0000
__size_of_setupPorts         (abs)        0000
__stringbase                 strings      1005
__stringtab                  strings      1000
_enableExtInterrupt          text20       07F4
_errno                       bssBANK1     00E7
_eval_poly                   text12       1726
_exp                         text4        0D89
_exp$771                     cstackBANK1  00BD
_flashLEDs                   text19       12F3
_floor                       text6        08AB
_frexp                       text7        141C
_ldexp                       text5        165E
_log                         text3        09DE
_main                        maintext     14F4
_main$767                    cstackBANK1  00DD
_main$768                    cstackBANK1  00E1
_pow                         text2        0B4C
_pow$769                     cstackBANK1  00CD
_pow$770                     cstackBANK1  00D1
_setupPorts                  text1        07EE
btemp                        (abs)        007E
end_of_initialization        cinit        0017
eval_poly@d                  cstackBANK1  00A4
eval_poly@n                  cstackBANK1  00A5
eval_poly@res                cstackBANK1  00AC
eval_poly@x                  cstackBANK1  00A0
exp@coeff                    strings      1006
exp@exponent                 cstackBANK1  00C1
exp@sign                     cstackBANK1  00C3
exp@x                        cstackBANK1  00B8
flashLEDs@i                  cstackBANK0  0023
floor@expon                  cstackBANK1  00A8
floor@i                      cstackBANK1  00A4
floor@x                      cstackBANK1  00A0
frexp@eptr                   cstackBANK0  003E
frexp@value                  cstackBANK0  003A
interrupt_function           intentry     0004
intlevel0                    functab      0000
intlevel1                    functab      0000
intlevel2                    functab      0000
intlevel3                    functab      0000
intlevel4                    functab      0000
intlevel5                    functab      0000
ldexp@newexp                 cstackBANK1  00B4
ldexp@value                  cstackBANK1  00B0
log@coeff                    strings      102E
log@exponent                 cstackBANK1  00B4
log@x                        cstackBANK1  00B0
main@j                       cstackBANK1  00E5
pow@sign                     cstackBANK1  00D5
pow@x                        cstackBANK1  00C4
pow@y                        cstackBANK1  00C8
pow@yi                       cstackBANK1  00D6
reset_vec                    reset_vec    0000
saved_w                      (abs)        007E
start                        init         0010
start_initialization         cinit        0013
wtemp0                       (abs)        007E


FUNCTION INFORMATION:

 *************** function _main *****************
 Defined at:
		line 18 in file "main.c"
 Parameters:    Size  Location     Type
		None
 Auto vars:     Size  Location     Type
  j               2   69[BANK1 ] int 
 Return value:  Size  Location     Type
                  1    wreg      void 
 Registers used:
		wreg, fsr0l, fsr0h, status,2, status,0, btemp+1, pclath, cstack
 Tracked objects:
		On entry : 
		On exit  : 
		Unchanged: 
 Data sizes:     COMMON   BANK0   BANK1   BANK3   BANK2
      Params:         0       0       0       0       0
      Locals:         0       0      10       0       0
      Temps:          0       0       3       0       0
      Totals:         0       0      13       0       0
Total ram usage:       13 bytes
 Hardware stack levels required when called:    6
 This function calls:
		___fltol
		___xxtofl
		_enableExtInterrupt
		_flashLEDs
		_pow
		_setupPorts
 This function is called by:
		Startup code after reset
 This function uses a non-reentrant model


 *************** function _setupPorts *****************
 Defined at:
		line 41 in file "main.c"
 Parameters:    Size  Location     Type
		None
 Auto vars:     Size  Location     Type
		None
 Return value:  Size  Location     Type
                  1    wreg      void 
 Registers used:
		status,2
 Tracked objects:
		On entry : 
		On exit  : 
		Unchanged: 
 Data sizes:     COMMON   BANK0   BANK1   BANK3   BANK2
      Params:         0       0       0       0       0
      Locals:         0       0       0       0       0
      Temps:          0       0       0       0       0
      Totals:         0       0       0       0       0
Total ram usage:        0 bytes
 Hardware stack levels used:    1
 Hardware stack levels required when called:    1
 This function calls:
		Nothing
 This function is called by:
		_main
 This function uses a non-reentrant model


 *************** function _pow *****************
 Defined at:
		line 5 in file "C:\Program Files (x86)\Microchip\xc8\v2.10\pic\sources\c90\common\pow.c"
 Parameters:    Size  Location     Type
  x               4   36[BANK1 ] void 
  y               4   40[BANK1 ] void 
 Auto vars:     Size  Location     Type
  yi              4   54[BANK1 ] unsigned long 
  sign            1   53[BANK1 ] unsigned char 
 Return value:  Size  Location     Type
                  4   36[BANK1 ] unsigned char 
 Registers used:
		wreg, fsr0l, fsr0h, status,2, status,0, btemp+1, pclath, cstack
 Tracked objects:
		On entry : 
		On exit  : 
		Unchanged: 
 Data sizes:     COMMON   BANK0   BANK1   BANK3   BANK2
      Params:         0       0       8       0       0
      Locals:         0       0      13       0       0
      Temps:          0       0       1       0       0
      Totals:         0       0      22       0       0
Total ram usage:       22 bytes
 Hardware stack levels used:    1
 Hardware stack levels required when called:    5
 This function calls:
		___fleq
		___flge
		___flmul
		___flneg
		___fltol
		___xxtofl
		_exp
		_log
 This function is called by:
		_main
 This function uses a non-reentrant model


 *************** function _log *****************
 Defined at:
		line 5 in file "C:\Program Files (x86)\Microchip\xc8\v2.10\pic\sources\c90\common\log.c"
 Parameters:    Size  Location     Type
  x               4   16[BANK1 ] unsigned char 
 Auto vars:     Size  Location     Type
  exponent        2   20[BANK1 ] int 
 Return value:  Size  Location     Type
                  4   16[BANK1 ] int 
 Registers used:
		wreg, fsr0l, fsr0h, status,2, status,0, btemp+1, pclath, cstack
 Tracked objects:
		On entry : 
		On exit  : 
		Unchanged: 
 Data sizes:     COMMON   BANK0   BANK1   BANK3   BANK2
      Params:         0       0       4       0       0
      Locals:         0       0       2       0       0
      Temps:          0       1       0       0       0
      Totals:         0       1       6       0       0
Total ram usage:        7 bytes
 Hardware stack levels used:    1
 Hardware stack levels required when called:    4
 This function calls:
		___fladd
		___fleq
		___flge
		___flmul
		___xxtofl
		_eval_poly
		_frexp
 This function is called by:
		_pow
 This function uses a non-reentrant model


 *************** function _exp *****************
 Defined at:
		line 12 in file "C:\Program Files (x86)\Microchip\xc8\v2.10\pic\sources\c90\common\exp.c"
 Parameters:    Size  Location     Type
  x               4   24[BANK1 ] int 
 Auto vars:     Size  Location     Type
  exponent        2   33[BANK1 ] int 
  sign            1   35[BANK1 ] unsigned char 
 Return value:  Size  Location     Type
                  4   24[BANK1 ] unsigned char 
 Registers used:
		wreg, fsr0l, fsr0h, status,2, status,0, btemp+1, pclath, cstack
 Tracked objects:
		On entry : 
		On exit  : 
		Unchanged: 
 Data sizes:     COMMON   BANK0   BANK1   BANK3   BANK2
      Params:         0       0       4       0       0
      Locals:         0       0       7       0       0
      Temps:          0       0       1       0       0
      Totals:         0       0      12       0       0
Total ram usage:       12 bytes
 Hardware stack levels used:    1
 Hardware stack levels required when called:    4
 This function calls:
		___fldiv
		___fleq
		___flge
		___flmul
		___flneg
		___flsub
		___fltol
		___xxtofl
		_eval_poly
		_floor
		_ldexp
 This function is called by:
		_pow
 This function uses a non-reentrant model


 *************** function _ldexp *****************
 Defined at:
		line 277 in file "C:\Program Files (x86)\Microchip\xc8\v2.10\pic\sources\c90\common\frexp.c"
 Parameters:    Size  Location     Type
  value           4   16[BANK1 ] unsigned char 
  newexp          2   20[BANK1 ] int 
 Auto vars:     Size  Location     Type
		None
 Return value:  Size  Location     Type
                  4   16[BANK1 ] int 
 Registers used:
		wreg, status,2, status,0, btemp+1, pclath, cstack
 Tracked objects:
		On entry : 
		On exit  : 
		Unchanged: 
 Data sizes:     COMMON   BANK0   BANK1   BANK3   BANK2
      Params:         0       0       6       0       0
      Locals:         0       0       0       0       0
      Temps:          0       0       2       0       0
      Totals:         0       0       8       0       0
Total ram usage:        8 bytes
 Hardware stack levels used:    1
 Hardware stack levels required when called:    2
 This function calls:
		___fleq
		___flge
 This function is called by:
		_exp
 This function uses a non-reentrant model


 *************** function _floor *****************
 Defined at:
		line 13 in file "C:\Program Files (x86)\Microchip\xc8\v2.10\pic\sources\c90\common\floor.c"
 Parameters:    Size  Location     Type
  x               4    0[BANK1 ] int 
 Auto vars:     Size  Location     Type
  i               4    4[BANK1 ] int 
  expon           2    8[BANK1 ] int 
 Return value:  Size  Location     Type
                  4    0[BANK1 ] int 
 Registers used:
		wreg, fsr0l, fsr0h, status,2, status,0, btemp+1, pclath, cstack
 Tracked objects:
		On entry : 
		On exit  : 
		Unchanged: 
 Data sizes:     COMMON   BANK0   BANK1   BANK3   BANK2
      Params:         0       0       4       0       0
      Locals:         0       0       6       0       0
      Temps:          0       1       0       0       0
      Totals:         0       1      10       0       0
Total ram usage:       11 bytes
 Hardware stack levels used:    1
 Hardware stack levels required when called:    3
 This function calls:
		___fladd
		___flge
		___fltol
		___xxtofl
		_frexp
 This function is called by:
		_exp
 This function uses a non-reentrant model


 *************** function _frexp *****************
 Defined at:
		line 254 in file "C:\Program Files (x86)\Microchip\xc8\v2.10\pic\sources\c90\common\frexp.c"
 Parameters:    Size  Location     Type
  value           4   26[BANK0 ] int 
  eptr            1   30[BANK0 ] PTR int 
		 -> log@exponent(2), floor@expon(2), 
 Auto vars:     Size  Location     Type
		None
 Return value:  Size  Location     Type
                  4   26[BANK0 ] PTR int 
 Registers used:
		wreg, fsr0l, fsr0h, status,2, status,0, btemp+1, pclath, cstack
 Tracked objects:
		On entry : 
		On exit  : 
		Unchanged: 
 Data sizes:     COMMON   BANK0   BANK1   BANK3   BANK2
      Params:         0       5       0       0       0
      Locals:         0       0       0       0       0
      Temps:          0       2       0       0       0
      Totals:         0       7       0       0       0
Total ram usage:        7 bytes
 Hardware stack levels used:    1
 Hardware stack levels required when called:    2
 This function calls:
		___fleq
 This function is called by:
		_floor
		_log
 This function uses a non-reentrant model


 *************** function ___fleq *****************
 Defined at:
		line 4 in file "C:\Program Files (x86)\Microchip\xc8\v2.10\pic\sources\c90\common\fleq.c"
 Parameters:    Size  Location     Type
  ff1             4   14[BANK0 ] PTR int 
  ff2             4   18[BANK0 ] PTR int 
 Auto vars:     Size  Location     Type
		None
 Return value:  Size  Location     Type
		None               void
 Registers used:
		wreg, status,2, status,0
 Tracked objects:
		On entry : 
		On exit  : 
		Unchanged: 
 Data sizes:     COMMON   BANK0   BANK1   BANK3   BANK2
      Params:         0       8       0       0       0
      Locals:         0       0       0       0       0
      Temps:          0       4       0       0       0
      Totals:         0      12       0       0       0
Total ram usage:       12 bytes
 Hardware stack levels used:    1
 Hardware stack levels required when called:    1
 This function calls:
		Nothing
 This function is called by:
		_pow
		_exp
		_frexp
		_ldexp
		_log
 This function uses a non-reentrant model


 *************** function ___xxtofl *****************
 Defined at:
		line 10 in file "C:\Program Files (x86)\Microchip\xc8\v2.10\pic\sources\c90\common\xxtofl.c"
 Parameters:    Size  Location     Type
  sign            1    wreg     unsigned char 
  val             4    0[BANK0 ] long 
 Auto vars:     Size  Location     Type
  sign            1    8[BANK0 ] unsigned char 
  arg             4   10[BANK0 ] unsigned long 
  exp             1    9[BANK0 ] unsigned char 
 Return value:  Size  Location     Type
                  4    0[BANK0 ] unsigned char 
 Registers used:
		wreg, status,2, status,0
 Tracked objects:
		On entry : 
		On exit  : 
		Unchanged: 
 Data sizes:     COMMON   BANK0   BANK1   BANK3   BANK2
      Params:         0       4       0       0       0
      Locals:         0       6       0       0       0
      Temps:          0       4       0       0       0
      Totals:         0      14       0       0       0
Total ram usage:       14 bytes
 Hardware stack levels used:    1
 Hardware stack levels required when called:    1
 This function calls:
		Nothing
 This function is called by:
		_main
		_pow
		_exp
		_floor
		_log
 This function uses a non-reentrant model


 *************** function ___fltol *****************
 Defined at:
		line 43 in file "C:\Program Files (x86)\Microchip\xc8\v2.10\pic\sources\c90\common\fltol.c"
 Parameters:    Size  Location     Type
  f1              4   14[BANK0 ] unsigned char 
 Auto vars:     Size  Location     Type
  exp1            1   24[BANK0 ] unsigned char 
  sign1           1   23[BANK0 ] unsigned char 
 Return value:  Size  Location     Type
                  4   14[BANK0 ] long 
 Registers used:
		wreg, status,2, status,0
 Tracked objects:
		On entry : 
		On exit  : 
		Unchanged: 
 Data sizes:     COMMON   BANK0   BANK1   BANK3   BANK2
      Params:         0       4       0       0       0
      Locals:         0       2       0       0       0
      Temps:          0       5       0       0       0
      Totals:         0      11       0       0       0
Total ram usage:       11 bytes
 Hardware stack levels used:    1
 Hardware stack levels required when called:    1
 This function calls:
		Nothing
 This function is called by:
		_main
		_pow
		_exp
		_floor
 This function uses a non-reentrant model


 *************** function ___flge *****************
 Defined at:
		line 4 in file "C:\Program Files (x86)\Microchip\xc8\v2.10\pic\sources\c90\common\flge.c"
 Parameters:    Size  Location     Type
  ff1             4    0[BANK0 ] long 
  ff2             4    4[BANK0 ] long 
 Auto vars:     Size  Location     Type
		None
 Return value:  Size  Location     Type
		None               void
 Registers used:
		wreg, status,2, status,0
 Tracked objects:
		On entry : 
		On exit  : 
		Unchanged: 
 Data sizes:     COMMON   BANK0   BANK1   BANK3   BANK2
      Params:         0       8       0       0       0
      Locals:         0       0       0       0       0
      Temps:          0       4       0       0       0
      Totals:         0      12       0       0       0
Total ram usage:       12 bytes
 Hardware stack levels used:    1
 Hardware stack levels required when called:    1
 This function calls:
		Nothing
 This function is called by:
		_pow
		_exp
		_floor
		_ldexp
		_log
 This function uses a non-reentrant model


 *************** function _eval_poly *****************
 Defined at:
		line 4 in file "C:\Program Files (x86)\Microchip\xc8\v2.10\pic\sources\c90\common\evalpoly.c"
 Parameters:    Size  Location     Type
  x               4    0[BANK1 ] long 
  d               1    4[BANK1 ] PTR const 
		 -> log@coeff(36), exp@coeff(40), 
  n               2    5[BANK1 ] int 
 Auto vars:     Size  Location     Type
  res             4   12[BANK1 ] int 
 Return value:  Size  Location     Type
                  4    0[BANK1 ] int 
 Registers used:
		wreg, fsr0l, fsr0h, status,2, status,0, btemp+1, pclath, cstack
 Tracked objects:
		On entry : 
		On exit  : 
		Unchanged: 
 Data sizes:     COMMON   BANK0   BANK1   BANK3   BANK2
      Params:         0       0       7       0       0
      Locals:         0       0       4       0       0
      Temps:          0       0       5       0       0
      Totals:         0       0      16       0       0
Total ram usage:       16 bytes
 Hardware stack levels used:    1
 Hardware stack levels required when called:    3
 This function calls:
		___fladd
		___flmul
 This function is called by:
		_exp
		_log
 This function uses a non-reentrant model


 *************** function ___flmul *****************
 Defined at:
		line 8 in file "C:\Program Files (x86)\Microchip\xc8\v2.10\pic\sources\c90\common\sprcmul.c"
 Parameters:    Size  Location     Type
  b               4   33[BANK0 ] int 
  a               4   37[BANK0 ] int 
 Auto vars:     Size  Location     Type
  prod            4   53[BANK0 ] struct .
  grs             4   47[BANK0 ] unsigned long 
  temp            2   57[BANK0 ] struct .
  bexp            1   52[BANK0 ] unsigned char 
  aexp            1   51[BANK0 ] unsigned char 
  sign            1   46[BANK0 ] unsigned char 
 Return value:  Size  Location     Type
                  4   33[BANK0 ] unsigned char 
 Registers used:
		wreg, status,2, status,0, btemp+1, pclath, cstack
 Tracked objects:
		On entry : 
		On exit  : 
		Unchanged: 
 Data sizes:     COMMON   BANK0   BANK1   BANK3   BANK2
      Params:         0       8       0       0       0
      Locals:         0      13       0       0       0
      Temps:          0       5       0       0       0
      Totals:         0      26       0       0       0
Total ram usage:       26 bytes
 Hardware stack levels used:    1
 Hardware stack levels required when called:    2
 This function calls:
		__Umul8_16
 This function is called by:
		_pow
		_exp
		_log
		_eval_poly
 This function uses a non-reentrant model


 *************** function __Umul8_16 *****************
 Defined at:
		line 4 in file "C:\Program Files (x86)\Microchip\xc8\v2.10\pic\sources\c90\common\Umul8_16.c"
 Parameters:    Size  Location     Type
  multiplier      1    wreg     unsigned char 
  multiplicand    1    0[BANK0 ] unsigned char 
 Auto vars:     Size  Location     Type
  multiplier      1    8[BANK0 ] unsigned char 
  word_mpld       2    6[BANK0 ] unsigned int 
  product         2    4[BANK0 ] unsigned int 
 Return value:  Size  Location     Type
                  2    0[BANK0 ] unsigned int 
 Registers used:
		wreg, status,2, status,0
 Tracked objects:
		On entry : 
		On exit  : 
		Unchanged: 
 Data sizes:     COMMON   BANK0   BANK1   BANK3   BANK2
      Params:         0       2       0       0       0
      Locals:         0       5       0       0       0
      Temps:          0       2       0       0       0
      Totals:         0       9       0       0       0
Total ram usage:        9 bytes
 Hardware stack levels used:    1
 Hardware stack levels required when called:    1
 This function calls:
		Nothing
 This function is called by:
		___flmul
 This function uses a non-reentrant model


 *************** function ___flsub *****************
 Defined at:
		line 242 in file "C:\Program Files (x86)\Microchip\xc8\v2.10\pic\sources\c90\common\sprcadd.c"
 Parameters:    Size  Location     Type
  a               4    0[BANK1 ] unsigned int 
  b               4    4[BANK1 ] unsigned int 
 Auto vars:     Size  Location     Type
		None
 Return value:  Size  Location     Type
                  4    0[BANK1 ] unsigned int 
 Registers used:
		wreg, status,2, status,0, btemp+1, pclath, cstack
 Tracked objects:
		On entry : 
		On exit  : 
		Unchanged: 
 Data sizes:     COMMON   BANK0   BANK1   BANK3   BANK2
      Params:         0       0       8       0       0
      Locals:         0       0       0       0       0
      Temps:          0       0       0       0       0
      Totals:         0       0       8       0       0
Total ram usage:        8 bytes
 Hardware stack levels used:    1
 Hardware stack levels required when called:    2
 This function calls:
		___fladd
 This function is called by:
		_exp
 This function uses a non-reentrant model


 *************** function ___fladd *****************
 Defined at:
		line 10 in file "C:\Program Files (x86)\Microchip\xc8\v2.10\pic\sources\c90\common\sprcadd.c"
 Parameters:    Size  Location     Type
  b               4   59[BANK0 ] unsigned int 
  a               4   63[BANK0 ] unsigned int 
 Auto vars:     Size  Location     Type
  grs             1   78[BANK0 ] unsigned char 
  bexp            1   77[BANK0 ] unsigned char 
  aexp            1   76[BANK0 ] unsigned char 
  signs           1   75[BANK0 ] unsigned char 
 Return value:  Size  Location     Type
                  4   59[BANK0 ] unsigned char 
 Registers used:
		wreg, status,2, status,0, btemp+1
 Tracked objects:
		On entry : 
		On exit  : 
		Unchanged: 
 Data sizes:     COMMON   BANK0   BANK1   BANK3   BANK2
      Params:         0       8       0       0       0
      Locals:         0       4       0       0       0
      Temps:          0       8       0       0       0
      Totals:         0      20       0       0       0
Total ram usage:       20 bytes
 Hardware stack levels used:    1
 Hardware stack levels required when called:    1
 This function calls:
		Nothing
 This function is called by:
		___flsub
		_floor
		_log
		_eval_poly
 This function uses a non-reentrant model


 *************** function ___flneg *****************
 Defined at:
		line 15 in file "C:\Program Files (x86)\Microchip\xc8\v2.10\pic\sources\c90\common\flneg.c"
 Parameters:    Size  Location     Type
  f1              4    0[BANK0 ] unsigned char 
 Auto vars:     Size  Location     Type
		None
 Return value:  Size  Location     Type
                  4    0[BANK0 ] unsigned char 
 Registers used:
		wreg
 Tracked objects:
		On entry : 
		On exit  : 
		Unchanged: 
 Data sizes:     COMMON   BANK0   BANK1   BANK3   BANK2
      Params:         0       4       0       0       0
      Locals:         0       0       0       0       0
      Temps:          0       0       0       0       0
      Totals:         0       4       0       0       0
Total ram usage:        4 bytes
 Hardware stack levels used:    1
 Hardware stack levels required when called:    1
 This function calls:
		Nothing
 This function is called by:
		_pow
		_exp
 This function uses a non-reentrant model


 *************** function ___fldiv *****************
 Defined at:
		line 8 in file "C:\Program Files (x86)\Microchip\xc8\v2.10\pic\sources\c90\common\sprcdiv.c"
 Parameters:    Size  Location     Type
  a               4    0[BANK0 ] unsigned char 
  b               4    4[BANK0 ] unsigned char 
 Auto vars:     Size  Location     Type
  grs             4   20[BANK0 ] unsigned long 
  rem             4   13[BANK0 ] unsigned long 
  new_exp         2   18[BANK0 ] int 
  aexp            1   25[BANK0 ] unsigned char 
  bexp            1   24[BANK0 ] unsigned char 
  sign            1   17[BANK0 ] unsigned char 
 Return value:  Size  Location     Type
                  4    0[BANK0 ] unsigned char 
 Registers used:
		wreg, status,2, status,0, btemp+1
 Tracked objects:
		On entry : 
		On exit  : 
		Unchanged: 
 Data sizes:     COMMON   BANK0   BANK1   BANK3   BANK2
      Params:         0       8       0       0       0
      Locals:         0      13       0       0       0
      Temps:          0       5       0       0       0
      Totals:         0      26       0       0       0
Total ram usage:       26 bytes
 Hardware stack levels used:    1
 Hardware stack levels required when called:    1
 This function calls:
		Nothing
 This function is called by:
		_exp
 This function uses a non-reentrant model


 *************** function _flashLEDs *****************
 Defined at:
		line 47 in file "main.c"
 Parameters:    Size  Location     Type
		None
 Auto vars:     Size  Location     Type
  i               2    3[BANK0 ] int 
 Return value:  Size  Location     Type
                  1    wreg      void 
 Registers used:
		wreg, status,2, btemp+1
 Tracked objects:
		On entry : 
		On exit  : 
		Unchanged: 
 Data sizes:     COMMON   BANK0   BANK1   BANK3   BANK2
      Params:         0       0       0       0       0
      Locals:         0       2       0       0       0
      Temps:          0       3       0       0       0
      Totals:         0       5       0       0       0
Total ram usage:        5 bytes
 Hardware stack levels used:    1
 Hardware stack levels required when called:    1
 This function calls:
		Nothing
 This function is called by:
		_main
 This function uses a non-reentrant model


 *************** function _enableExtInterrupt *****************
 Defined at:
		line 36 in file "main.c"
 Parameters:    Size  Location     Type
		None
 Auto vars:     Size  Location     Type
		None
 Return value:  Size  Location     Type
                  1    wreg      void 
 Registers used:
		None
 Tracked objects:
		On entry : 
		On exit  : 
		Unchanged: 
 Data sizes:     COMMON   BANK0   BANK1   BANK3   BANK2
      Params:         0       0       0       0       0
      Locals:         0       0       0       0       0
      Temps:          0       0       0       0       0
      Totals:         0       0       0       0       0
Total ram usage:        0 bytes
 Hardware stack levels used:    1
 Hardware stack levels required when called:    1
 This function calls:
		Nothing
 This function is called by:
		_main
 This function uses a non-reentrant model


 *************** function _ISR *****************
 Defined at:
		line 56 in file "main.c"
 Parameters:    Size  Location     Type
		None
 Auto vars:     Size  Location     Type
  i               2    6[COMMON] int 
 Return value:  Size  Location     Type
                  1    wreg      void 
 Registers used:
		wreg, status,2, btemp+1
 Tracked objects:
		On entry : 
		On exit  : 
		Unchanged: 
 Data sizes:     COMMON   BANK0   BANK1   BANK3   BANK2
      Params:         0       0       0       0       0
      Locals:         2       0       0       0       0
      Temps:          6       0       0       0       0
      Totals:         8       0       0       0       0
Total ram usage:        8 bytes
 Hardware stack levels used:    1
 This function calls:
		Nothing
 This function is called by:
		Interrupt level 1
 This function uses a non-reentrant model



MODULE INFORMATION

Module		Function		Class		Link	Load	Size
C:\Program Files (x86)\Microchip\xc8\v2.10\pic\sources\c90\common\fleq.c
		___fleq        		CODE           	13CC	0000	81

C:\Program Files (x86)\Microchip\xc8\v2.10\pic\sources\c90\common\fleq.c estimated size: 81

C:\Program Files (x86)\Microchip\xc8\v2.10\pic\sources\c90\common\log.c
		_log           		CODE           	09DE	0000	367

C:\Program Files (x86)\Microchip\xc8\v2.10\pic\sources\c90\common\log.c estimated size: 367

C:\Program Files (x86)\Microchip\xc8\v2.10\pic\sources\c90\common\fltol.c
		___fltol       		CODE           	1478	0000	125

C:\Program Files (x86)\Microchip\xc8\v2.10\pic\sources\c90\common\fltol.c estimated size: 125

C:\Program Files (x86)\Microchip\xc8\v2.10\pic\sources\c90\common\evalpoly.c
		_eval_poly     		CODE           	1726	0000	219

C:\Program Files (x86)\Microchip\xc8\v2.10\pic\sources\c90\common\evalpoly.c estimated size: 219

C:\Program Files (x86)\Microchip\xc8\v2.10\pic\sources\c90\common\pow.c
		_pow           		CODE           	0B4C	0000	574

C:\Program Files (x86)\Microchip\xc8\v2.10\pic\sources\c90\common\pow.c estimated size: 574

C:\Program Files (x86)\Microchip\xc8\v2.10\pic\sources\c90\common\sprcmul.c
		___flmul       		CODE           	001B	0000	866

C:\Program Files (x86)\Microchip\xc8\v2.10\pic\sources\c90\common\sprcmul.c estimated size: 866

C:\Program Files (x86)\Microchip\xc8\v2.10\pic\sources\c90\common\Umul8_16.c
		__Umul8_16     		CODE           	12CA	0000	42

C:\Program Files (x86)\Microchip\xc8\v2.10\pic\sources\c90\common\Umul8_16.c estimated size: 42

C:\Program Files (x86)\Microchip\xc8\v2.10\pic\sources\c90\common\sprcdiv.c
		___fldiv       		CODE           	0604	0000	478

C:\Program Files (x86)\Microchip\xc8\v2.10\pic\sources\c90\common\sprcdiv.c estimated size: 478

C:\Program Files (x86)\Microchip\xc8\v2.10\pic\sources\c90\common\flneg.c
		___flneg       		CODE           	07E1	0000	14

C:\Program Files (x86)\Microchip\xc8\v2.10\pic\sources\c90\common\flneg.c estimated size: 14

C:\Program Files (x86)\Microchip\xc8\v2.10\pic\sources\c90\common\flge.c
		___flge        		CODE           	0807	0000	165

C:\Program Files (x86)\Microchip\xc8\v2.10\pic\sources\c90\common\flge.c estimated size: 165

C:\Program Files (x86)\Microchip\xc8\v2.10\pic\sources\c90\common\xxtofl.c
		___xxtofl      		CODE           	15A2	0000	189

C:\Program Files (x86)\Microchip\xc8\v2.10\pic\sources\c90\common\xxtofl.c estimated size: 189

shared
		exp@coeff      		STRING         	1006	0000	41
		__stringtab    		STRING         	1000	0000	7
		__initialization		CODE           	0013	0000	5
		log@coeff      		STRING         	102E	0000	37

shared estimated size: 90

C:\Program Files (x86)\Microchip\xc8\v2.10\pic\sources\c90\common\exp.c
		_exp           		CODE           	0D89	0000	632

C:\Program Files (x86)\Microchip\xc8\v2.10\pic\sources\c90\common\exp.c estimated size: 632

C:\Program Files (x86)\Microchip\xc8\v2.10\pic\sources\c90\common\sprcadd.c
		___flsub       		CODE           	137C	0000	81
		___fladd       		CODE           	037C	0000	649

C:\Program Files (x86)\Microchip\xc8\v2.10\pic\sources\c90\common\sprcadd.c estimated size: 730

C:\Program Files (x86)\Microchip\xc8\v2.10\pic\sources\c90\common\frexp.c
		_ldexp         		CODE           	165E	0000	201
		_frexp         		CODE           	141C	0000	93

C:\Program Files (x86)\Microchip\xc8\v2.10\pic\sources\c90\common\frexp.c estimated size: 294

main.c
		_flashLEDs     		CODE           	12F3	0000	64
		_ISR           		CODE           	1332	0000	75
		_main          		CODE           	14F4	0000	175
		_setupPorts    		CODE           	07EE	0000	7
		_enableExtInterrupt		CODE           	07F4	0000	4

main.c estimated size: 325

C:\Program Files (x86)\Microchip\xc8\v2.10\pic\sources\c90\common\floor.c
		_floor         		CODE           	08AB	0000	308

C:\Program Files (x86)\Microchip\xc8\v2.10\pic\sources\c90\common\floor.c estimated size: 308

